real 180.61
user 0.27
sys 0.41
            19628032  maximum resident set size
                   0  average shared memory size
                   0  average unshared data size
                   0  average unshared stack size
               10171  page reclaims
                  20  page faults
                   0  swaps
                   0  block input operations
                   0  block output operations
                   2  messages sent
                   3  messages received
                   0  signals received
                   0  voluntary context switches
               17727  involuntary context switches
          5925343645  instructions retired
          1976325582  cycles elapsed
          7323091568  peak memory footprint
