real 180.58
user 0.27
sys 0.42
            19480576  maximum resident set size
                   0  average shared memory size
                   0  average unshared data size
                   0  average unshared stack size
               10116  page reclaims
                  20  page faults
                   0  swaps
                   0  block input operations
                   0  block output operations
                   2  messages sent
                   3  messages received
                   0  signals received
                   0  voluntary context switches
               17651  involuntary context switches
          5915651127  instructions retired
          2064857757  cycles elapsed
          7323026032  peak memory footprint
