real 180.74
user 0.29
sys 0.43
            19726336  maximum resident set size
                   0  average shared memory size
                   0  average unshared data size
                   0  average unshared stack size
               10179  page reclaims
                  20  page faults
                   0  swaps
                   0  block input operations
                   0  block output operations
                   2  messages sent
                   3  messages received
                   0  signals received
                   0  voluntary context switches
               17881  involuntary context switches
          5905035532  instructions retired
          2034770375  cycles elapsed
          7323173488  peak memory footprint
