real 180.63
user 0.29
sys 0.43
            19529728  maximum resident set size
                   0  average shared memory size
                   0  average unshared data size
                   0  average unshared stack size
               10118  page reclaims
                  20  page faults
                   0  swaps
                   0  block input operations
                   0  block output operations
                   2  messages sent
                   3  messages received
                   0  signals received
                   0  voluntary context switches
               17891  involuntary context switches
          5902858702  instructions retired
          2012352505  cycles elapsed
          7323058800  peak memory footprint
