real 180.63
user 0.29
sys 0.42
            19693568  maximum resident set size
                   0  average shared memory size
                   0  average unshared data size
                   0  average unshared stack size
               10174  page reclaims
                  20  page faults
                   0  swaps
                   0  block input operations
                   0  block output operations
                   2  messages sent
                   3  messages received
                   0  signals received
                   0  voluntary context switches
               17854  involuntary context switches
          5901735206  instructions retired
          2002534259  cycles elapsed
          7323140720  peak memory footprint
