real 180.50
user 0.29
sys 0.42
            19660800  maximum resident set size
                   0  average shared memory size
                   0  average unshared data size
                   0  average unshared stack size
               10174  page reclaims
                  20  page faults
                   0  swaps
                   0  block input operations
                   0  block output operations
                   2  messages sent
                   3  messages received
                   0  signals received
                   0  voluntary context switches
               17872  involuntary context switches
          5900776485  instructions retired
          2001244679  cycles elapsed
          7323107952  peak memory footprint
