real 180.60
user 0.29
sys 0.43
            19595264  maximum resident set size
                   0  average shared memory size
                   0  average unshared data size
                   0  average unshared stack size
               10169  page reclaims
                  20  page faults
                   0  swaps
                   0  block input operations
                   0  block output operations
                   2  messages sent
                   3  messages received
                   0  signals received
                   0  voluntary context switches
               17860  involuntary context switches
          5898607211  instructions retired
          2012023742  cycles elapsed
          7323042416  peak memory footprint
