real 180.52
user 0.29
sys 0.43
            19660800  maximum resident set size
                   0  average shared memory size
                   0  average unshared data size
                   0  average unshared stack size
               10172  page reclaims
                  20  page faults
                   0  swaps
                   0  block input operations
                   0  block output operations
                   2  messages sent
                   3  messages received
                   0  signals received
                   0  voluntary context switches
               17913  involuntary context switches
          5936493190  instructions retired
          2017516793  cycles elapsed
          7323107952  peak memory footprint
