real 45.33
user 0.06
sys 0.34
            19202048  maximum resident set size
                   0  average shared memory size
                   0  average unshared data size
                   0  average unshared stack size
                5010  page reclaims
                  50  page faults
                   0  swaps
                   0  block input operations
                   0  block output operations
                   2  messages sent
                   3  messages received
                   0  signals received
                   1  voluntary context switches
                7629  involuntary context switches
          3870599541  instructions retired
          1521976922  cycles elapsed
          7322649200  peak memory footprint
