real 300.70
user 0.46
sys 0.81
            19742720  maximum resident set size
                   0  average shared memory size
                   0  average unshared data size
                   0  average unshared stack size
               14621  page reclaims
                  31  page faults
                   0  swaps
                   0  block input operations
                   0  block output operations
                   2  messages sent
                   4  messages received
                   0  signals received
                   0  voluntary context switches
               29702  involuntary context switches
         11072401195  instructions retired
          3725549564  cycles elapsed
          8420115056  peak memory footprint
