real 300.69
user 0.46
sys 0.84
            19890176  maximum resident set size
                   0  average shared memory size
                   0  average unshared data size
                   0  average unshared stack size
               14631  page reclaims
                  31  page faults
                   0  swaps
                   0  block input operations
                   0  block output operations
                   2  messages sent
                   4  messages received
                   0  signals received
                   0  voluntary context switches
               29570  involuntary context switches
         11021898598  instructions retired
          3849854266  cycles elapsed
          8735244912  peak memory footprint
