real 300.48
user 0.46
sys 0.83
            19775488  maximum resident set size
                   0  average shared memory size
                   0  average unshared data size
                   0  average unshared stack size
               14628  page reclaims
                  29  page faults
                   0  swaps
                   0  block input operations
                   0  block output operations
                   2  messages sent
                   4  messages received
                   0  signals received
                   0  voluntary context switches
               29977  involuntary context switches
         11078867873  instructions retired
          3794370235  cycles elapsed
          8843330160  peak memory footprint
