real 300.48
user 0.48
sys 0.75
            19300352  maximum resident set size
                   0  average shared memory size
                   0  average unshared data size
                   0  average unshared stack size
               14607  page reclaims
                  31  page faults
                   0  swaps
                   0  block input operations
                   0  block output operations
                   2  messages sent
                   4  messages received
                   0  signals received
                   0  voluntary context switches
               19542  involuntary context switches
         10433997133  instructions retired
          3597130792  cycles elapsed
          8994488944  peak memory footprint
