real 300.54
user 0.61
sys 0.80
            19333120  maximum resident set size
                   0  average shared memory size
                   0  average unshared data size
                   0  average unshared stack size
               14545  page reclaims
                  22  page faults
                   0  swaps
                   0  block input operations
                   0  block output operations
                   2  messages sent
                   4  messages received
                   0  signals received
                   0  voluntary context switches
               19710  involuntary context switches
         10401390834  instructions retired
          3740084528  cycles elapsed
          9038742128  peak memory footprint
