real 300.45
user 0.81
sys 1.00
            19939328  maximum resident set size
                   0  average shared memory size
                   0  average unshared data size
                   0  average unshared stack size
               14643  page reclaims
                  31  page faults
                   0  swaps
                   0  block input operations
                   0  block output operations
                   2  messages sent
                   4  messages received
                   0  signals received
                   0  voluntary context switches
               29208  involuntary context switches
         11041807710  instructions retired
          4609583971  cycles elapsed
          9149842032  peak memory footprint
