real 300.89
user 0.35
sys 0.69
            19152896  maximum resident set size
                   0  average shared memory size
                   0  average unshared data size
                   0  average unshared stack size
               14586  page reclaims
                  31  page faults
                   0  swaps
                   0  block input operations
                   0  block output operations
                   2  messages sent
                   4  messages received
                   0  signals received
                   0  voluntary context switches
               19298  involuntary context switches
         10441808152  instructions retired
          3414013693  cycles elapsed
          8571372144  peak memory footprint
