real 300.40
user 0.46
sys 0.84
            19808256  maximum resident set size
                   0  average shared memory size
                   0  average unshared data size
                   0  average unshared stack size
               14626  page reclaims
                  36  page faults
                   0  swaps
                   0  block input operations
                   0  block output operations
                   2  messages sent
                   4  messages received
                   0  signals received
                   8  voluntary context switches
               29652  involuntary context switches
         11012443598  instructions retired
          3870775857  cycles elapsed
          8240382576  peak memory footprint
