real 120.82
user 0.40
sys 0.56
            19349504  maximum resident set size
                   0  average shared memory size
                   0  average unshared data size
                   0  average unshared stack size
                7839  page reclaims
                  54  page faults
                   0  swaps
                   0  block input operations
                   0  block output operations
                   2  messages sent
                   3  messages received
                   0  signals received
                   4  voluntary context switches
               16282  involuntary context switches
          5046197595  instructions retired
          2906024422  cycles elapsed
          7323124336  peak memory footprint
