real 120.85
user 0.40
sys 0.51
            19611648  maximum resident set size
                   0  average shared memory size
                   0  average unshared data size
                   0  average unshared stack size
                7910  page reclaims
                  29  page faults
                   0  swaps
                   0  block input operations
                   0  block output operations
                   2  messages sent
                   3  messages received
                   0  signals received
                   1  voluntary context switches
               12554  involuntary context switches
          4979062587  instructions retired
          2701341198  cycles elapsed
          7323058800  peak memory footprint
