real 120.81
user 0.38
sys 0.47
            19677184  maximum resident set size
                   0  average shared memory size
                   0  average unshared data size
                   0  average unshared stack size
                7912  page reclaims
                  34  page faults
                   0  swaps
                   0  block input operations
                   0  block output operations
                   2  messages sent
                   3  messages received
                   0  signals received
                   8  voluntary context switches
               12128  involuntary context switches
          4958346818  instructions retired
          2583613435  cycles elapsed
          7323222640  peak memory footprint
