real 120.35
user 0.38
sys 0.49
            19415040  maximum resident set size
                   0  average shared memory size
                   0  average unshared data size
                   0  average unshared stack size
                7767  page reclaims
                  36  page faults
                   0  swaps
                   0  block input operations
                   0  block output operations
                   2  messages sent
                   3  messages received
                   0  signals received
                   6  voluntary context switches
               12067  involuntary context switches
          4943600995  instructions retired
          2618451354  cycles elapsed
          7322960496  peak memory footprint
