real 120.33
user 0.17
sys 0.39
            19578880  maximum resident set size
                   0  average shared memory size
                   0  average unshared data size
                   0  average unshared stack size
                7824  page reclaims
                  36  page faults
                   0  swaps
                   0  block input operations
                   0  block output operations
                   2  messages sent
                   3  messages received
                   0  signals received
                   7  voluntary context switches
               14198  involuntary context switches
          5009377169  instructions retired
          2033002498  cycles elapsed
          7323026032  peak memory footprint
