real 120.75
user 0.20
sys 0.37
            19611648  maximum resident set size
                   0  average shared memory size
                   0  average unshared data size
                   0  average unshared stack size
                7899  page reclaims
                  38  page faults
                   0  swaps
                   0  block input operations
                   0  block output operations
                   2  messages sent
                   3  messages received
                   0  signals received
                   8  voluntary context switches
               11949  involuntary context switches
          5012443214  instructions retired
          1982732909  cycles elapsed
          7323058800  peak memory footprint
