real 120.71
user 0.35
sys 0.44
            19595264  maximum resident set size
                   0  average shared memory size
                   0  average unshared data size
                   0  average unshared stack size
                7917  page reclaims
                  22  page faults
                   0  swaps
                   0  block input operations
                   0  block output operations
                   2  messages sent
                   3  messages received
                   0  signals received
                   0  voluntary context switches
               12000  involuntary context switches
          4960759216  instructions retired
          2387650610  cycles elapsed
          7323042416  peak memory footprint
