real 120.53
user 0.36
sys 0.45
            19611648  maximum resident set size
                   0  average shared memory size
                   0  average unshared data size
                   0  average unshared stack size
                7921  page reclaims
                  20  page faults
                   0  swaps
                   0  block input operations
                   0  block output operations
                   2  messages sent
                   3  messages received
                   0  signals received
                   0  voluntary context switches
               12085  involuntary context switches
          4972551711  instructions retired
          2459189511  cycles elapsed
          7323058800  peak memory footprint
