real 120.59
user 0.35
sys 0.46
            19644416  maximum resident set size
                   0  average shared memory size
                   0  average unshared data size
                   0  average unshared stack size
                7926  page reclaims
                  20  page faults
                   0  swaps
                   0  block input operations
                   0  block output operations
                   2  messages sent
                   3  messages received
                   0  signals received
                   0  voluntary context switches
               12326  involuntary context switches
          4965106175  instructions retired
          2478671817  cycles elapsed
          7323107952  peak memory footprint
