real 120.49
user 0.37
sys 0.46
            19677184  maximum resident set size
                   0  average shared memory size
                   0  average unshared data size
                   0  average unshared stack size
                7923  page reclaims
                  20  page faults
                   0  swaps
                   0  block input operations
                   0  block output operations
                   2  messages sent
                   3  messages received
                   0  signals received
                   0  voluntary context switches
               12000  involuntary context switches
          4992580789  instructions retired
          2465271039  cycles elapsed
          7323140720  peak memory footprint
