real 120.68
user 0.24
sys 0.36
            19529728  maximum resident set size
                   0  average shared memory size
                   0  average unshared data size
                   0  average unshared stack size
                7920  page reclaims
                  20  page faults
                   0  swaps
                   0  block input operations
                   0  block output operations
                   2  messages sent
                   3  messages received
                   0  signals received
                   0  voluntary context switches
               11491  involuntary context switches
          4945730414  instructions retired
          1966751388  cycles elapsed
          7322993264  peak memory footprint
