real 120.35
user 0.19
sys 0.34
            19349504  maximum resident set size
                   0  average shared memory size
                   0  average unshared data size
                   0  average unshared stack size
                7788  page reclaims
                  20  page faults
                   0  swaps
                   0  block input operations
                   0  block output operations
                   2  messages sent
                   3  messages received
                   0  signals received
                   0  voluntary context switches
               11271  involuntary context switches
          4924700412  instructions retired
          1643023794  cycles elapsed
          7322878576  peak memory footprint
