real 120.65
user 0.22
sys 0.36
            19578880  maximum resident set size
                   0  average shared memory size
                   0  average unshared data size
                   0  average unshared stack size
                7922  page reclaims
                  20  page faults
                   0  swaps
                   0  block input operations
                   0  block output operations
                   2  messages sent
                   3  messages received
                   0  signals received
                   0  voluntary context switches
               11444  involuntary context switches
          4952613561  instructions retired
          1740956963  cycles elapsed
          7323026032  peak memory footprint
