real 120.35
user 0.34
sys 0.44
            19578880  maximum resident set size
                   0  average shared memory size
                   0  average unshared data size
                   0  average unshared stack size
                7852  page reclaims
                  20  page faults
                   0  swaps
                   0  block input operations
                   0  block output operations
                   2  messages sent
                   3  messages received
                   0  signals received
                   0  voluntary context switches
               11925  involuntary context switches
          4939886235  instructions retired
          2015115880  cycles elapsed
          7323042416  peak memory footprint
