real 120.59
user 0.36
sys 0.45
            19677184  maximum resident set size
                   0  average shared memory size
                   0  average unshared data size
                   0  average unshared stack size
                7931  page reclaims
                  20  page faults
                   0  swaps
                   0  block input operations
                   0  block output operations
                   2  messages sent
                   3  messages received
                   0  signals received
                   0  voluntary context switches
               12178  involuntary context switches
          4971339041  instructions retired
          2115979883  cycles elapsed
          7323288176  peak memory footprint
