real 180.68
user 0.29
sys 0.41
            19611648  maximum resident set size
                   0  average shared memory size
                   0  average unshared data size
                   0  average unshared stack size
               10126  page reclaims
                  20  page faults
                   0  swaps
                   0  block input operations
                   0  block output operations
                   2  messages sent
                   3  messages received
                   0  signals received
                   0  voluntary context switches
               17223  involuntary context switches
          5870514761  instructions retired
          2086299087  cycles elapsed
          7323091568  peak memory footprint
