{
  "autotuneMode" : "off",
  "averageHashrate" : 15168710.747502208,
  "datasetActivationSeconds" : 31.658887833,
  "datasetActivationSecondsTotal" : 31.658887833,
  "datasetActivations" : 1,
  "datasetBuildGPUSeconds" : 31.448956624939456,
  "datasetBuildSeconds" : 31.658654584,
  "datasetBuiltActivations" : 1,
  "datasetBytes" : 7272058080,
  "datasetCachedActivations" : 0,
  "datasetPrefetchWaitSecondsTotal" : 0,
  "datasetPrefetchWaits" : 0,
  "datasetPrefetchedActivations" : 0,
  "datasetSource" : "built",
  "datasetWork" : {
    "buildCommandGPUSeconds" : 31.448956624939456,
    "buildCommandWallSeconds" : 31.658627583325142,
    "buildCommandsCompleted" : 109,
    "coldBuildGPUSeconds" : 31.448956624939456,
    "coldBuildResumedElements" : 0,
    "coldBuildWallSeconds" : 31.658654584,
    "coldBuildsCancelled" : 0,
    "coldBuildsCompleted" : 1,
    "coldBuildsFailed" : 0,
    "coldBuildsResumed" : 0,
    "prefetchBuildGPUSeconds" : 0,
    "prefetchBuildWallSeconds" : 0,
    "prefetchBuildsCancelled" : 0,
    "prefetchBuildsCompleted" : 0,
    "prefetchBuildsDiscarded" : 0,
    "prefetchBuildsFailed" : 0,
    "prefetchBuildsStarted" : 0,
    "prefetchWastedGPUSeconds" : 0,
    "prefetchWastedWallSeconds" : 0,
    "searchCommandGPUBusySeconds" : 90.06733629162773,
    "searchCommandGPUSeconds" : 179.33700220790342,
    "searchCommandWallBusySeconds" : 90.07321391667938,
    "searchCommandWallSeconds" : 179.87815199996112,
    "searchCommandsCompleted" : 1303
  },
  "device" : {
    "architectureName" : "applegpu_g16g",
    "buildPipelineMaxThreads" : 256,
    "buildThreadExecutionWidth" : 32,
    "generation" : "m4",
    "highestKnownAppleFamily" : 9,
    "maxBufferBytes" : 20100448256,
    "name" : "Apple M4",
    "recommendedWorkingSetBytes" : 26800603136,
    "registryID" : 4294968353,
    "searchPipelineMaxThreads" : 64,
    "searchThreadExecutionWidth" : 32,
    "unifiedMemory" : true
  },
  "donation" : {
    "activeRecipient" : "user",
    "failures" : 0,
    "nonces" : 0,
    "percent" : 0,
    "scheduledRecipient" : "user",
    "searchSeconds" : 0,
    "shares" : {
      "accepted" : 0,
      "expected" : 0,
      "found" : 0,
      "rejected" : 0,
      "stale" : 0,
      "submitted" : 0
    },
    "switches" : 0,
    "windowSeconds" : 0
  },
  "effectiveHashrate" : 11208711.665778993,
  "gpuSeconds" : 179.33700220790342,
  "hashrate" : 0,
  "job" : {

  },
  "mode" : "benchmark",
  "nonces" : 1366294528,
  "poolConnected" : false,
  "prefetchProgress" : 0,
  "profile" : "peak",
  "protocolErrors" : 0,
  "reconnects" : 0,
  "sampledAt" : "2026-09-16T08:38:25Z",
  "schemaVersion" : 1,
  "searchSeconds" : 90.07321391667938,
  "sessionID" : "79B83548-758E-4B2E-A133-9D615C5D12F7",
  "shares" : {
    "accepted" : 0,
    "expected" : 0,
    "found" : 0,
    "rejected" : 0,
    "stale" : 0,
    "submitted" : 0
  },
  "socTemperatureAverageCelsius" : 52.58447011311849,
  "socTemperatureMaximumCelsius" : 60.996795654296875,
  "socTemperatureSensorCount" : 24,
  "socTemperatureSessionPeakCelsius" : 62.99577331542969,
  "startedAt" : "2026-09-16T08:36:23Z",
  "state" : "stopped",
  "temperatureSource" : "iohid_soc_die",
  "thermalState" : "nominal",
  "tuning" : {
    "configuration" : {
      "batchNonces" : 1048576,
      "buildPipelineDepth" : 2,
      "datasetThreadgroupSize" : 256,
      "prebuildBatchNonces" : 131072,
      "prefetchBuildChunkElements" : 1048576,
      "searchPipelineDepth" : 2,
      "searchThreadgroupSize" : 64,
      "synchronousBuildChunkElements" : 2097152
    },
    "provenance" : {
      "batch_nonces" : "explicit",
      "build_chunk_elements" : "explicit",
      "build_pipeline_depth" : "explicit",
      "dataset_threadgroup_size" : "explicit",
      "prebuild_batch_nonces" : "explicit",
      "prefetch_chunk_elements" : "explicit",
      "search_pipeline_depth" : "explicit",
      "search_threadgroup_size" : "explicit"
    }
  }
}
