{
  "autotuneMode" : "off",
  "averageHashrate" : 15137618.812958026,
  "datasetActivationSeconds" : 31.700335417,
  "datasetActivationSecondsTotal" : 31.700335417,
  "datasetActivations" : 1,
  "datasetBuildGPUSeconds" : 31.454280041667516,
  "datasetBuildSeconds" : 31.699963417,
  "datasetBuiltActivations" : 1,
  "datasetBytes" : 7272058080,
  "datasetCachedActivations" : 0,
  "datasetPrefetchWaitSecondsTotal" : 0,
  "datasetPrefetchWaits" : 0,
  "datasetPrefetchedActivations" : 0,
  "datasetSource" : "built",
  "datasetWork" : {
    "buildCommandGPUSeconds" : 31.454280041667516,
    "buildCommandWallSeconds" : 31.699937083321856,
    "buildCommandsCompleted" : 109,
    "coldBuildGPUSeconds" : 31.454280041667516,
    "coldBuildResumedElements" : 0,
    "coldBuildWallSeconds" : 31.699963417,
    "coldBuildsCancelled" : 0,
    "coldBuildsCompleted" : 1,
    "coldBuildsFailed" : 0,
    "coldBuildsResumed" : 0,
    "prefetchBuildGPUSeconds" : 0,
    "prefetchBuildWallSeconds" : 0,
    "prefetchBuildsCancelled" : 0,
    "prefetchBuildsCompleted" : 0,
    "prefetchBuildsDiscarded" : 0,
    "prefetchBuildsFailed" : 0,
    "prefetchBuildsStarted" : 0,
    "prefetchWastedGPUSeconds" : 0,
    "prefetchWastedWallSeconds" : 0,
    "searchCommandGPUBusySeconds" : 90.11407275006059,
    "searchCommandGPUSeconds" : 179.56587512471015,
    "searchCommandWallBusySeconds" : 90.1196808333043,
    "searchCommandWallSeconds" : 180.09226549990126,
    "searchCommandsCompleted" : 1301
  },
  "device" : {
    "architectureName" : "applegpu_g16g",
    "buildPipelineMaxThreads" : 256,
    "buildThreadExecutionWidth" : 32,
    "generation" : "m4",
    "highestKnownAppleFamily" : 9,
    "maxBufferBytes" : 20100448256,
    "name" : "Apple M4",
    "recommendedWorkingSetBytes" : 26800603136,
    "registryID" : 4294968353,
    "searchPipelineMaxThreads" : 64,
    "searchThreadExecutionWidth" : 32,
    "unifiedMemory" : true
  },
  "donation" : {
    "activeRecipient" : "user",
    "failures" : 0,
    "nonces" : 0,
    "percent" : 0,
    "scheduledRecipient" : "user",
    "searchSeconds" : 0,
    "shares" : {
      "accepted" : 0,
      "expected" : 0,
      "found" : 0,
      "rejected" : 0,
      "stale" : 0,
      "submitted" : 0
    },
    "switches" : 0,
    "windowSeconds" : 0
  },
  "effectiveHashrate" : 11183592.268702319,
  "gpuSeconds" : 179.56587512471015,
  "hashrate" : 0,
  "job" : {

  },
  "mode" : "benchmark",
  "nonces" : 1364197376,
  "poolConnected" : false,
  "prefetchProgress" : 0,
  "profile" : "peak",
  "protocolErrors" : 0,
  "reconnects" : 0,
  "sampledAt" : "2026-09-16T08:41:29Z",
  "schemaVersion" : 1,
  "searchSeconds" : 90.1196808333043,
  "sessionID" : "81B4CEA7-6710-442A-A254-7C9511C2EB23",
  "shares" : {
    "accepted" : 0,
    "expected" : 0,
    "found" : 0,
    "rejected" : 0,
    "stale" : 0,
    "submitted" : 0
  },
  "socTemperatureAverageCelsius" : 51.55833371480306,
  "socTemperatureMaximumCelsius" : 59.157745361328125,
  "socTemperatureSensorCount" : 24,
  "socTemperatureSessionPeakCelsius" : 61.636474609375,
  "startedAt" : "2026-09-16T08:39:27Z",
  "state" : "stopped",
  "temperatureSource" : "iohid_soc_die",
  "thermalState" : "nominal",
  "tuning" : {
    "configuration" : {
      "batchNonces" : 1048576,
      "buildPipelineDepth" : 2,
      "datasetThreadgroupSize" : 256,
      "prebuildBatchNonces" : 131072,
      "prefetchBuildChunkElements" : 1048576,
      "searchPipelineDepth" : 2,
      "searchThreadgroupSize" : 64,
      "synchronousBuildChunkElements" : 2097152
    },
    "provenance" : {
      "batch_nonces" : "explicit",
      "build_chunk_elements" : "explicit",
      "build_pipeline_depth" : "explicit",
      "dataset_threadgroup_size" : "explicit",
      "prebuild_batch_nonces" : "explicit",
      "prefetch_chunk_elements" : "explicit",
      "search_pipeline_depth" : "explicit",
      "search_threadgroup_size" : "explicit"
    }
  }
}
