real 121.96
user 0.38
sys 0.44
            18890752  maximum resident set size
                   0  average shared memory size
                   0  average unshared data size
                   0  average unshared stack size
                9373  page reclaims
                  20  page faults
                   0  swaps
                   0  block input operations
                   0  block output operations
                   0  messages sent
                   0  messages received
                   0  signals received
                   0  voluntary context switches
               13526  involuntary context switches
          5410567534  instructions retired
          2126844128  cycles elapsed
          7322731120  peak memory footprint
