{
  "autotuneMode" : "off",
  "averageHashrate" : 14964568.181861093,
  "datasetActivationSeconds" : 31.697261875,
  "datasetActivationSecondsTotal" : 31.697261875,
  "datasetActivations" : 1,
  "datasetBuildGPUSeconds" : 31.481431166641414,
  "datasetBuildSeconds" : 31.697041,
  "datasetBuiltActivations" : 1,
  "datasetBytes" : 7272058080,
  "datasetCachedActivations" : 0,
  "datasetPrefetchWaitSecondsTotal" : 0,
  "datasetPrefetchWaits" : 0,
  "datasetPrefetchedActivations" : 0,
  "datasetSource" : "built",
  "datasetWork" : {
    "buildCommandGPUSeconds" : 31.481431166641414,
    "buildCommandWallSeconds" : 31.69701587499003,
    "buildCommandsCompleted" : 109,
    "coldBuildGPUSeconds" : 31.481431166641414,
    "coldBuildResumedElements" : 0,
    "coldBuildWallSeconds" : 31.697041,
    "coldBuildsCancelled" : 0,
    "coldBuildsCompleted" : 1,
    "coldBuildsFailed" : 0,
    "coldBuildsResumed" : 0,
    "prefetchBuildGPUSeconds" : 0,
    "prefetchBuildWallSeconds" : 0,
    "prefetchBuildsCancelled" : 0,
    "prefetchBuildsCompleted" : 0,
    "prefetchBuildsDiscarded" : 0,
    "prefetchBuildsFailed" : 0,
    "prefetchBuildsStarted" : 0,
    "prefetchWastedGPUSeconds" : 0,
    "prefetchWastedWallSeconds" : 0,
    "searchCommandGPUBusySeconds" : 90.01871729151753,
    "searchCommandGPUSeconds" : 179.05467516664066,
    "searchCommandWallBusySeconds" : 90.04069770842034,
    "searchCommandWallSeconds" : 179.80156404200534,
    "searchCommandsCompleted" : 1285
  },
  "device" : {
    "architectureName" : "applegpu_g16g",
    "buildPipelineMaxThreads" : 256,
    "buildThreadExecutionWidth" : 32,
    "generation" : "m4",
    "highestKnownAppleFamily" : 9,
    "maxBufferBytes" : 20100448256,
    "name" : "Apple M4",
    "recommendedWorkingSetBytes" : 26800603136,
    "registryID" : 4294968353,
    "searchPipelineMaxThreads" : 64,
    "searchThreadExecutionWidth" : 32,
    "unifiedMemory" : true
  },
  "donation" : {
    "activeRecipient" : "user",
    "failures" : 0,
    "nonces" : 0,
    "percent" : 0,
    "scheduledRecipient" : "user",
    "searchSeconds" : 0,
    "shares" : {
      "accepted" : 0,
      "expected" : 0,
      "found" : 0,
      "rejected" : 0,
      "stale" : 0,
      "submitted" : 0
    },
    "switches" : 0,
    "windowSeconds" : 0
  },
  "effectiveHashrate" : 11054007.286542607,
  "gpuSeconds" : 179.05467516664066,
  "hashrate" : 0,
  "job" : {

  },
  "mode" : "benchmark",
  "nonces" : 1347420160,
  "poolConnected" : false,
  "prefetchProgress" : 0,
  "profile" : "peak",
  "protocolErrors" : 0,
  "reconnects" : 0,
  "sampledAt" : "2026-09-16T08:44:27Z",
  "schemaVersion" : 1,
  "searchSeconds" : 90.04069770842034,
  "sessionID" : "F0BF3444-151F-4B1B-A883-D6C6FBFE83C6",
  "shares" : {
    "accepted" : 0,
    "expected" : 0,
    "found" : 0,
    "rejected" : 0,
    "stale" : 0,
    "submitted" : 0
  },
  "socTemperatureAverageCelsius" : 52.24464543660482,
  "socTemperatureMaximumCelsius" : 60.35713195800781,
  "socTemperatureSensorCount" : 24,
  "socTemperatureSessionPeakCelsius" : 61.47654724121094,
  "startedAt" : "2026-09-16T08:42:25Z",
  "state" : "stopped",
  "temperatureSource" : "iohid_soc_die",
  "thermalState" : "nominal",
  "tuning" : {
    "configuration" : {
      "batchNonces" : 1048576,
      "buildPipelineDepth" : 2,
      "datasetThreadgroupSize" : 256,
      "prebuildBatchNonces" : 131072,
      "prefetchBuildChunkElements" : 1048576,
      "searchPipelineDepth" : 2,
      "searchThreadgroupSize" : 64,
      "synchronousBuildChunkElements" : 2097152
    },
    "provenance" : {
      "batch_nonces" : "explicit",
      "build_chunk_elements" : "explicit",
      "build_pipeline_depth" : "explicit",
      "dataset_threadgroup_size" : "explicit",
      "prebuild_batch_nonces" : "explicit",
      "prefetch_chunk_elements" : "explicit",
      "search_pipeline_depth" : "explicit",
      "search_threadgroup_size" : "explicit"
    }
  }
}
