{
  "autotuneMode" : "off",
  "averageHashrate" : 15031032.540970394,
  "datasetActivationSeconds" : 32.218204167,
  "datasetActivationSecondsTotal" : 32.218204167,
  "datasetActivations" : 1,
  "datasetBuildGPUSeconds" : 32.005576666415436,
  "datasetBuildSeconds" : 32.218002917,
  "datasetBuiltActivations" : 1,
  "datasetBytes" : 7272058080,
  "datasetCachedActivations" : 0,
  "datasetPrefetchWaitSecondsTotal" : 0,
  "datasetPrefetchWaits" : 0,
  "datasetPrefetchedActivations" : 0,
  "datasetSource" : "built",
  "datasetWork" : {
    "buildCommandGPUSeconds" : 32.005576666415436,
    "buildCommandWallSeconds" : 32.21798241668148,
    "buildCommandsCompleted" : 109,
    "coldBuildGPUSeconds" : 32.005576666415436,
    "coldBuildResumedElements" : 0,
    "coldBuildWallSeconds" : 32.218002917,
    "coldBuildsCancelled" : 0,
    "coldBuildsCompleted" : 1,
    "coldBuildsFailed" : 0,
    "coldBuildsResumed" : 0,
    "prefetchBuildGPUSeconds" : 0,
    "prefetchBuildWallSeconds" : 0,
    "prefetchBuildsCancelled" : 0,
    "prefetchBuildsCompleted" : 0,
    "prefetchBuildsDiscarded" : 0,
    "prefetchBuildsFailed" : 0,
    "prefetchBuildsStarted" : 0,
    "prefetchWastedGPUSeconds" : 0,
    "prefetchWastedWallSeconds" : 0,
    "searchCommandGPUBusySeconds" : 90.03915854159277,
    "searchCommandGPUSeconds" : 178.99053566579823,
    "searchCommandWallBusySeconds" : 90.06111937487731,
    "searchCommandWallSeconds" : 179.74681529088411,
    "searchCommandsCompleted" : 1291
  },
  "device" : {
    "architectureName" : "applegpu_g16g",
    "buildPipelineMaxThreads" : 256,
    "buildThreadExecutionWidth" : 32,
    "generation" : "m4",
    "highestKnownAppleFamily" : 9,
    "maxBufferBytes" : 20100448256,
    "name" : "Apple M4",
    "recommendedWorkingSetBytes" : 26800603136,
    "registryID" : 4294968353,
    "searchPipelineMaxThreads" : 64,
    "searchThreadExecutionWidth" : 32,
    "unifiedMemory" : true
  },
  "donation" : {
    "activeRecipient" : "user",
    "failures" : 0,
    "nonces" : 0,
    "percent" : 0,
    "scheduledRecipient" : "user",
    "searchSeconds" : 0,
    "shares" : {
      "accepted" : 0,
      "expected" : 0,
      "found" : 0,
      "rejected" : 0,
      "stale" : 0,
      "submitted" : 0
    },
    "switches" : 0,
    "windowSeconds" : 0
  },
  "effectiveHashrate" : 11056331.36706484,
  "gpuSeconds" : 178.99053566579823,
  "hashrate" : 0,
  "job" : {

  },
  "mode" : "benchmark",
  "nonces" : 1353711616,
  "poolConnected" : false,
  "prefetchProgress" : 0,
  "profile" : "peak",
  "protocolErrors" : 0,
  "reconnects" : 0,
  "sampledAt" : "2026-09-16T08:47:45Z",
  "schemaVersion" : 1,
  "searchSeconds" : 90.06111937487731,
  "sessionID" : "80CEE7EC-7778-4301-987B-10D690E94220",
  "shares" : {
    "accepted" : 0,
    "expected" : 0,
    "found" : 0,
    "rejected" : 0,
    "stale" : 0,
    "submitted" : 0
  },
  "socTemperatureAverageCelsius" : 52.5511531829834,
  "socTemperatureMaximumCelsius" : 60.676971435546875,
  "socTemperatureSensorCount" : 24,
  "socTemperatureSessionPeakCelsius" : 61.47654724121094,
  "startedAt" : "2026-09-16T08:45:43Z",
  "state" : "stopped",
  "temperatureSource" : "iohid_soc_die",
  "thermalState" : "nominal",
  "tuning" : {
    "configuration" : {
      "batchNonces" : 1048576,
      "buildPipelineDepth" : 2,
      "datasetThreadgroupSize" : 256,
      "prebuildBatchNonces" : 131072,
      "prefetchBuildChunkElements" : 1048576,
      "searchPipelineDepth" : 2,
      "searchThreadgroupSize" : 64,
      "synchronousBuildChunkElements" : 2097152
    },
    "provenance" : {
      "batch_nonces" : "explicit",
      "build_chunk_elements" : "explicit",
      "build_pipeline_depth" : "explicit",
      "dataset_threadgroup_size" : "explicit",
      "prebuild_batch_nonces" : "explicit",
      "prefetch_chunk_elements" : "explicit",
      "search_pipeline_depth" : "explicit",
      "search_threadgroup_size" : "explicit"
    }
  }
}
