real 122.51
user 0.41
sys 0.45
            18989056  maximum resident set size
                   0  average shared memory size
                   0  average unshared data size
                   0  average unshared stack size
                9366  page reclaims
                  31  page faults
                   0  swaps
                   0  block input operations
                   0  block output operations
                   0  messages sent
                   0  messages received
                   0  signals received
                   0  voluntary context switches
               13724  involuntary context switches
          5444520530  instructions retired
          2194336440  cycles elapsed
          7322780272  peak memory footprint
