real 45.45
user 0.08
sys 0.29
            19251200  maximum resident set size
                   0  average shared memory size
                   0  average unshared data size
                   0  average unshared stack size
                5036  page reclaims
                  29  page faults
                   0  swaps
                   0  block input operations
                   0  block output operations
                   2  messages sent
                   3  messages received
                   0  signals received
                   0  voluntary context switches
                4912  involuntary context switches
          3798532885  instructions retired
          1340944982  cycles elapsed
          7322731120  peak memory footprint
